ELMduino.cpp:27:6:bool ELM327::begin(UART_HandleTypeDef*, const bool&, const uint16_t&, const char&, const uint16_t&)	24	static
ELMduino.cpp:90:6:bool ELM327::initializeELM(const char&)	32	static
ELMduino.cpp:172:6:void ELM327::formatQueryArray(uint8_t, uint16_t)	16	static
ELMduino.cpp:243:6:void ELM327::upper(char*, uint8_t)	32	static
ELMduino.cpp:272:6:bool ELM327::timeout()	16	static
ELMduino.cpp:298:9:uint8_t ELM327::ctoi(uint8_t)	16	static
ELMduino.cpp:331:8:int8_t ELM327::nextIndex(const char*, const char*, uint8_t)	40	static
ELMduino.cpp:361:7:float ELM327::conditionResponse(const uint64_t&, const uint8_t&, const float&, const float&)	40	static
ELMduino.cpp:384:6:void ELM327::flushInputBuff()	16	static
ELMduino.cpp:413:6:bool ELM327::queryPID(uint8_t, uint16_t)	16	static
ELMduino.cpp:440:6:bool ELM327::queryPID(char*)	16	static
ELMduino.cpp:470:10:uint32_t ELM327::supportedPIDs_1_20()	48	static
ELMduino.cpp:498:10:uint32_t ELM327::monitorStatus()	48	static
ELMduino.cpp:524:10:uint16_t ELM327::freezeDTC()	48	static
ELMduino.cpp:550:10:uint16_t ELM327::fuelSystemStatus()	48	static
ELMduino.cpp:576:7:float ELM327::engineLoad()	48	static
ELMduino.cpp:602:7:float ELM327::engineCoolantTemp()	48	static
ELMduino.cpp:628:7:float ELM327::shortTermFuelTrimBank_1()	48	static
ELMduino.cpp:654:7:float ELM327::longTermFuelTrimBank_1()	48	static
ELMduino.cpp:680:7:float ELM327::shortTermFuelTrimBank_2()	48	static
ELMduino.cpp:706:7:float ELM327::longTermFuelTrimBank_2()	48	static
ELMduino.cpp:732:7:float ELM327::fuelPressure()	48	static
ELMduino.cpp:758:9:uint8_t ELM327::manifoldPressure()	48	static
ELMduino.cpp:784:7:float ELM327::rpm()	48	static
ELMduino.cpp:810:9:int32_t ELM327::kph()	48	static
ELMduino.cpp:836:7:float ELM327::mph()	24	static
ELMduino.cpp:864:7:float ELM327::timingAdvance()	48	static
ELMduino.cpp:890:7:float ELM327::intakeAirTemp()	48	static
ELMduino.cpp:916:7:float ELM327::mafRate()	48	static
ELMduino.cpp:942:7:float ELM327::throttle()	48	static
ELMduino.cpp:968:9:uint8_t ELM327::commandedSecAirStatus()	48	static
ELMduino.cpp:994:9:uint8_t ELM327::oxygenSensorsPresent_2banks()	48	static
ELMduino.cpp:1020:9:uint8_t ELM327::obdStandards()	48	static
ELMduino.cpp:1046:9:uint8_t ELM327::oxygenSensorsPresent_4banks()	48	static
ELMduino.cpp:1072:6:bool ELM327::auxInputStatus()	48	static
ELMduino.cpp:1098:10:uint16_t ELM327::runTime()	48	static
ELMduino.cpp:1124:10:uint32_t ELM327::supportedPIDs_21_40()	48	static
ELMduino.cpp:1150:10:uint16_t ELM327::distTravelWithMIL()	48	static
ELMduino.cpp:1176:7:float ELM327::fuelRailPressure()	48	static
ELMduino.cpp:1202:7:float ELM327::fuelRailGuagePressure()	48	static
ELMduino.cpp:1228:7:float ELM327::commandedEGR()	48	static
ELMduino.cpp:1254:7:float ELM327::egrError()	48	static
ELMduino.cpp:1280:7:float ELM327::commandedEvapPurge()	48	static
ELMduino.cpp:1306:7:float ELM327::fuelLevel()	48	static
ELMduino.cpp:1332:9:uint8_t ELM327::warmUpsSinceCodesCleared()	48	static
ELMduino.cpp:1358:10:uint16_t ELM327::distSinceCodesCleared()	48	static
ELMduino.cpp:1384:7:float ELM327::evapSysVapPressure()	48	static
ELMduino.cpp:1410:9:uint8_t ELM327::absBaroPressure()	48	static
ELMduino.cpp:1436:7:float ELM327::catTempB1S1()	48	static
ELMduino.cpp:1462:7:float ELM327::catTempB2S1()	48	static
ELMduino.cpp:1488:7:float ELM327::catTempB1S2()	48	static
ELMduino.cpp:1514:7:float ELM327::catTempB2S2()	48	static
ELMduino.cpp:1540:10:uint32_t ELM327::supportedPIDs_41_60()	48	static
ELMduino.cpp:1566:10:uint32_t ELM327::monitorDriveCycleStatus()	48	static
ELMduino.cpp:1592:7:float ELM327::ctrlModVoltage()	48	static
ELMduino.cpp:1618:7:float ELM327::absLoad()	48	static
ELMduino.cpp:1644:7:float ELM327::commandedAirFuelRatio()	48	static
ELMduino.cpp:1670:7:float ELM327::relativeThrottle()	48	static
ELMduino.cpp:1696:7:float ELM327::ambientAirTemp()	48	static
ELMduino.cpp:1722:7:float ELM327::absThrottlePosB()	48	static
ELMduino.cpp:1748:7:float ELM327::absThrottlePosC()	48	static
ELMduino.cpp:1774:7:float ELM327::absThrottlePosD()	48	static
ELMduino.cpp:1800:7:float ELM327::absThrottlePosE()	48	static
ELMduino.cpp:1826:7:float ELM327::absThrottlePosF()	48	static
ELMduino.cpp:1852:7:float ELM327::commandedThrottleActuator()	48	static
ELMduino.cpp:1878:10:uint16_t ELM327::timeRunWithMIL()	48	static
ELMduino.cpp:1904:10:uint16_t ELM327::timeSinceCodesCleared()	48	static
ELMduino.cpp:1930:7:float ELM327::maxMafRate()	48	static
ELMduino.cpp:1956:9:uint8_t ELM327::fuelType()	48	static
ELMduino.cpp:1982:7:float ELM327::ethonolPercent()	48	static
ELMduino.cpp:2008:7:float ELM327::absEvapSysVapPressure()	48	static
ELMduino.cpp:2034:7:float ELM327::evapSysVapPressure2()	48	static
ELMduino.cpp:2060:7:float ELM327::absFuelRailPressure()	48	static
ELMduino.cpp:2086:7:float ELM327::relativePedalPos()	48	static
ELMduino.cpp:2112:7:float ELM327::hybridBatLife()	48	static
ELMduino.cpp:2138:7:float ELM327::oilTemp()	48	static
ELMduino.cpp:2164:7:float ELM327::fuelInjectTiming()	48	static
ELMduino.cpp:2190:7:float ELM327::fuelRate()	48	static
ELMduino.cpp:2216:9:uint8_t ELM327::emissionRqmts()	48	static
ELMduino.cpp:2242:10:uint32_t ELM327::supportedPIDs_61_80()	48	static
ELMduino.cpp:2268:7:float ELM327::demandedTorque()	48	static
ELMduino.cpp:2294:7:float ELM327::torque()	48	static
ELMduino.cpp:2320:10:uint16_t ELM327::referenceTorque()	48	static
ELMduino.cpp:2346:10:uint16_t ELM327::auxSupported()	48	static
ELMduino.cpp:2380:8:int8_t ELM327::sendCommand(const char*)	96	static
ELMduino.cpp:2552:10:uint64_t ELM327::findResponse()	48	static
ELMduino.cpp:2678:6:void ELM327::printError(int8_t)	16	static
ELMduino.cpp:2705:6:void ELM327::push(uint8_t)	16	static
ELMduino.cpp:2715:9:uint8_t ELM327::pop()	24	static
ELMduino.cpp:2727:9:uint8_t ELM327::isEmpty()	16	static
ELMduino.cpp:2733:6:void ELM327::queue_init()	16	static
ELMduino.cpp:2740:6:void ELM327::delimiter_found()	16	static
